[getvideobot.com/index.html]
[backblue.gif]
[fade.gif]
[index.html]
[getvideobot.com/favicon.html]
[getvideobot.com/assets/css/bootstrap.min.css]
[getvideobot.com/assets/css/main.css]
[stackpath.bootstrapcdn.com/font-awesome/4.7.0/css/font-awesome.min.css]
[getvideobot.com/assets/js/jquery.min.js]
[getvideobot.com/assets/js/bootstrap.min.js]
[securepubads.g.doubleclick.net/tag/js/gpt.js]
[getvideobot.com/faq.html]
[getvideobot.com/username.html]
[getvideobot.com/GET.html]
[getvideobot.com/assets/js/script.js]
[getvideobot.com/terms.html]
[getvideobot.com/privacy.html]
[getvideobot.com/index.html]
[getvideobot.com/favicon.html]
[widget.supercounters.com/ssl/online_t.js]
[getvideobot.com/assets/fonts/glyphicons-halflings-regular.eot]
[getvideobot.com/assets/fonts/glyphicons-halflings-regulard41d.eot]
[getvideobot.com/assets/fonts/glyphicons-halflings-regular.woff2]
[getvideobot.com/assets/fonts/glyphicons-halflings-regular.woff]
[getvideobot.com/assets/fonts/glyphicons-halflings-regular.ttf]
[getvideobot.com/assets/fonts/glyphicons-halflings-regular.svg]
[getvideobot.com/assets/css/bootstrap.min.css]
[getvideobot.com/assets/css/main.css]
[stackpath.bootstrapcdn.com/font-awesome/4.7.0/css/font-awesome.min.css]
[getvideobot.com/faq.html]
[getvideobot.com/username.html]
[getvideobot.com/GET.html]
[getvideobot.com/cdn-cgi/l/email-protection.html]
[getvideobot.com/terms.html]
[getvideobot.com/cdn-cgi/scripts/5c5dd728/cloudflare-static/email-decode.min.js]
[getvideobot.com/_https_/paddle.com/privacy/_]
[getvideobot.com/privacy.html]
[getvideobot.com/assets/fonts/glyphicons-halflings-regular.html]
[getvideobot.com/assets/fonts/glyphicons-halflings-regulard41d.html]
[getvideobot.com/assets/fonts/glyphicons-halflings-regular-2.html]
[getvideobot.com/assets/fonts/glyphicons-halflings-regular-3.html]
[getvideobot.com/assets/fonts/glyphicons-halflings-regular-4.html]
[getvideobot.com/assets/fonts/glyphicons-halflings-regular-5.html]
[getvideobot.com/cdn-cgi/l/email-protection.html]
[getvideobot.com/_https_/paddle.com/privacy/_.html]
